---
source: tests/error_examples_snapshots.rs
expression: error_output
---
Tag error: '!$mapp' is not a valid iidy tag @ example-templates/errors/unknown-tag-typo.yaml:5 (errno: IY4002)
  -> check tag spelling or see documentation for valid tags

   4 | 
   5 | result: !$mapp
     |         ^^^^^^
   6 |   items: !$ data
   For more info, run: iidy explain IY4002
