---
source: tests/error_examples_snapshots.rs
expression: error_output
---
Missing field error: 'template' missing in !$map tag @ example-templates/errors/tag-missing-required-field.yaml:5:0 (errno: IY4002)
  -> required field missing

   4 | 
   5 | result: !$map
   6 |   items: !$ data

   add 'template' field to !$map tag

   For more info: iidy explain IY4002
