---
source: tests/error_examples_snapshots.rs
expression: "format!(\"{}\", e)"
---
Type error: expected string, found number @ example-templates/errors/split-wrong-delimiter-type-resolved.yaml:5:20 (errno: IY5001)
  -> data type mismatch

   4 | 
   5 | test_split: !$split [!$ wrong_delimiter, "hello,world"]
     |                    ^^^^^^^^ expected string

   expected string, found number

   For more info: iidy explain IY5001
