---
source: tests/error_examples_snapshots.rs
expression: "format!(\"{}\", e)"
---
Type error: expected string, found object @ example-templates/errors/join-wrong-delimiter-type.yaml:6:19 (errno: ERR_5001)
  -> data type mismatch

   5 | 
   6 | test_join: !$join [!$ wrong_delimiter, ["hello", "world"]]
     |                   ^^^^^^^^ expected string

   expected string, found object
   try using !$toJsonString or !$toYamlString to serialize the object

   For more info: iidy explain ERR_5001
