---
source: tests/error_examples_snapshots.rs
expression: "format!(\"{}\", e)"
---
Tag error: 'items' missing in !$map tag @ example-templates/errors/tag-map-uses-source.yaml:5:10 (errno: ERR_4002)
  -> add 'items' field to !$map tag

   4 | 
   5 | configs: !$map
   6 |   source: !$ services

   example:
   !$map
     items: [1, 2, 3]
     template: "{{item}}"
   For more info, run: iidy explain ERR_4002
