---
source: tests/error_examples_snapshots.rs
expression: "format!(\"{}\", e)"
---
Tag error: must be a sequence with format [delimiter, array] @ example-templates/errors/parsing-join-not-sequence.yaml:2:7 (errno: ERR_4003)
  -> use format: [delimiter, array]

   1 | # !$join with string instead of sequence
   2 | test: !$join "invalid"

   example:
   !$join [",", ["a", "b", "c"]]
   For more info: iidy explain ERR_4003
