---
source: tests/error_examples_snapshots.rs
expression: "format!(\"{}\", e)"
---
Type error: expected sequence, found string @ example-templates/errors/groupby-wrong-items-type.yaml:3:10 (errno: ERR_5001)
  -> data type mismatch

   2 | test_groupby: !$groupBy
   3 |   items: "not_a_sequence"
     |          ^^^^^^^^ expected sequence
   4 |   key: "{{item}}"

   expected sequence, found string

   For more info: iidy explain ERR_5001
