---
source: tests/error_examples_snapshots.rs
expression: "format!(\"{}\", e)"
---
Tag error: must be a sequence of arrays to concatenate @ example-templates/errors/parsing-concat-not-sequence.yaml:2:7 (errno: ERR_4003)
  -> use format: [array1, array2, ...]

   1 | # !$concat with string instead of sequence
   2 | test: !$concat "invalid"

   example:
   !$concat
     - [item1, item2]
     - [item3, item4]
     - [item5]
   For more info: iidy explain ERR_4003
