---
source: tests/error_examples_snapshots.rs
expression: "format!(\"{}\", e)"
---
Tag error: unexpected field 'separator'

Valid fields are: items, template, var (optional) @ example-templates/errors/tag-mapvalues-unknown-field.yaml:12:3 (errno: ERR_4002)
  -> check field spelling and tag documentation

  11 |   template: "{{item.key}}"
  12 |   separator: "-"

   example:
   !$mapValues
     <check documentation for proper syntax>
   For more info, run: iidy explain ERR_4002
